=== codec=msgpack mode=sync conn=keepalive payload_kb=0 ===
bench mode=sync conn=keepalive concurrency=4 total_requests=10 sleep_ms=0 payload_kb=0
=== bench summary ===
mode=sync conn=keepalive concurrency=4 requests=10
success=10 fail=0 qps=92.5926 total_cost_ms=108
latency_ms p50=21 p95=52 p99=52 max=52

=== codec=msgpack mode=sync conn=keepalive payload_kb=1 ===
bench mode=sync conn=keepalive concurrency=4 total_requests=10 sleep_ms=0 payload_kb=1
=== bench summary ===
mode=sync conn=keepalive concurrency=4 requests=10
success=10 fail=0 qps=101.01 total_cost_ms=99
latency_ms p50=11 p95=44 p99=44 max=44

=== codec=msgpack mode=sync conn=keepalive payload_kb=64 ===
bench mode=sync conn=keepalive concurrency=4 total_requests=10 sleep_ms=0 payload_kb=64
=== bench summary ===
mode=sync conn=keepalive concurrency=4 requests=10
success=10 fail=0 qps=85.4701 total_cost_ms=117
latency_ms p50=26 p95=62 p99=62 max=62

=== codec=msgpack mode=sync conn=keepalive payload_kb=256 ===
bench mode=sync conn=keepalive concurrency=4 total_requests=10 sleep_ms=0 payload_kb=256
=== bench summary ===
mode=sync conn=keepalive concurrency=4 requests=10
success=10 fail=0 qps=47.3934 total_cost_ms=211
latency_ms p50=37 p95=125 p99=125 max=125

=== codec=msgpack mode=sync conn=keepalive payload_kb=1024 ===
bench mode=sync conn=keepalive concurrency=4 total_requests=10 sleep_ms=0 payload_kb=1024
=== bench summary ===
mode=sync conn=keepalive concurrency=4 requests=10
success=10 fail=0 qps=24.6305 total_cost_ms=406
latency_ms p50=117 p95=253 p99=253 max=253

=== codec=msgpack mode=sync conn=short payload_kb=0 ===
bench mode=sync conn=short concurrency=4 total_requests=10 sleep_ms=0 payload_kb=0
=== bench summary ===
mode=sync conn=short concurrency=4 requests=10
success=10 fail=0 qps=67.5676 total_cost_ms=148
latency_ms p50=24 p95=41 p99=41 max=41

=== codec=msgpack mode=sync conn=short payload_kb=1 ===
bench mode=sync conn=short concurrency=4 total_requests=10 sleep_ms=0 payload_kb=1
=== bench summary ===
mode=sync conn=short concurrency=4 requests=10
success=10 fail=0 qps=40.3226 total_cost_ms=248
latency_ms p50=29 p95=103 p99=103 max=103

=== codec=msgpack mode=sync conn=short payload_kb=64 ===
bench mode=sync conn=short concurrency=4 total_requests=10 sleep_ms=0 payload_kb=64
=== bench summary ===
mode=sync conn=short concurrency=4 requests=10
success=10 fail=0 qps=46.2963 total_cost_ms=216
latency_ms p50=23 p95=77 p99=77 max=77

=== codec=msgpack mode=sync conn=short payload_kb=256 ===
bench mode=sync conn=short concurrency=4 total_requests=10 sleep_ms=0 payload_kb=256
=== bench summary ===
mode=sync conn=short concurrency=4 requests=10
success=10 fail=0 qps=43.29 total_cost_ms=231
latency_ms p50=49 p95=91 p99=91 max=91

=== codec=msgpack mode=sync conn=short payload_kb=1024 ===
bench mode=sync conn=short concurrency=4 total_requests=10 sleep_ms=0 payload_kb=1024
=== bench summary ===
mode=sync conn=short concurrency=4 requests=10
success=10 fail=0 qps=23.2558 total_cost_ms=430
latency_ms p50=129 p95=190 p99=190 max=190

=== codec=msgpack mode=async conn=keepalive payload_kb=0 ===
bench mode=async conn=keepalive concurrency=4 total_requests=10 sleep_ms=0 payload_kb=0
=== bench summary ===
mode=async conn=keepalive concurrency=4 requests=10
success=10 fail=0 qps=151.515 total_cost_ms=66
latency_ms p50=18 p95=29 p99=29 max=29

=== codec=msgpack mode=async conn=keepalive payload_kb=1 ===
bench mode=async conn=keepalive concurrency=4 total_requests=10 sleep_ms=0 payload_kb=1
=== bench summary ===
mode=async conn=keepalive concurrency=4 requests=10
success=10 fail=0 qps=129.87 total_cost_ms=77
latency_ms p50=16 p95=49 p99=49 max=49

=== codec=msgpack mode=async conn=keepalive payload_kb=64 ===
bench mode=async conn=keepalive concurrency=4 total_requests=10 sleep_ms=0 payload_kb=64
=== bench summary ===
mode=async conn=keepalive concurrency=4 requests=10
success=10 fail=0 qps=166.667 total_cost_ms=60
latency_ms p50=19 p95=33 p99=33 max=33

=== codec=msgpack mode=async conn=keepalive payload_kb=256 ===
bench mode=async conn=keepalive concurrency=4 total_requests=10 sleep_ms=0 payload_kb=256
=== bench summary ===
mode=async conn=keepalive concurrency=4 requests=10
success=10 fail=0 qps=86.9565 total_cost_ms=115
latency_ms p50=46 p95=85 p99=85 max=85

=== codec=msgpack mode=async conn=keepalive payload_kb=1024 ===
bench mode=async conn=keepalive concurrency=4 total_requests=10 sleep_ms=0 payload_kb=1024
=== bench summary ===
mode=async conn=keepalive concurrency=4 requests=10
success=10 fail=0 qps=35.0877 total_cost_ms=285
latency_ms p50=174 p95=236 p99=236 max=236

=== codec=msgpack mode=async conn=short payload_kb=0 ===
bench mode=async conn=short concurrency=4 total_requests=10 sleep_ms=0 payload_kb=0
=== bench summary ===
mode=async conn=short concurrency=4 requests=10
success=10 fail=0 qps=76.3359 total_cost_ms=131
latency_ms p50=41 p95=71 p99=71 max=71

=== codec=msgpack mode=async conn=short payload_kb=1 ===
bench mode=async conn=short concurrency=4 total_requests=10 sleep_ms=0 payload_kb=1
=== bench summary ===
mode=async conn=short concurrency=4 requests=10
success=10 fail=0 qps=44.0529 total_cost_ms=227
latency_ms p50=71 p95=119 p99=119 max=119

=== codec=msgpack mode=async conn=short payload_kb=64 ===
bench mode=async conn=short concurrency=4 total_requests=10 sleep_ms=0 payload_kb=64
=== bench summary ===
mode=async conn=short concurrency=4 requests=10
success=10 fail=0 qps=71.9424 total_cost_ms=139
latency_ms p50=38 p95=79 p99=79 max=79

=== codec=msgpack mode=async conn=short payload_kb=256 ===
bench mode=async conn=short concurrency=4 total_requests=10 sleep_ms=0 payload_kb=256
=== bench summary ===
mode=async conn=short concurrency=4 requests=10
success=10 fail=0 qps=62.5 total_cost_ms=160
latency_ms p50=46 p95=101 p99=101 max=101

=== codec=msgpack mode=async conn=short payload_kb=1024 ===
bench mode=async conn=short concurrency=4 total_requests=10 sleep_ms=0 payload_kb=1024
=== bench summary ===
mode=async conn=short concurrency=4 requests=10
success=10 fail=0 qps=33.0033 total_cost_ms=303
latency_ms p50=157 p95=228 p99=228 max=228

Wrote /home/zzz/Krpc/docs/bench_results_msgpack.txt
